// Jest Snapshot v1, https://goo.gl/fbAQLP

exports[`Action Button matches snapshot 1`] = `
<div>
  <h6
    data-testid="action-button_message"
  >
    Value is false
  </h6>
  <br />
  <button
    data-testid="action-button_button"
    onClick={[Function]}
  >
    Toggle
  </button>
</div>
`;
