// Jest Snapshot v1, https://goo.gl/fbAQLP

exports[`Hello matches snapshot 1`] = `
<div
  className="hello-component_container"
  data-testid="hello-component_container"
>
  <h6
    data-testid="hello-component_message"
  >
    Hi 
    Carlos
    !
  </h6>
</div>
`;
